// Jest Snapshot v1, https://goo.gl/fbAQLP

exports[`App renders snapshots 1`] = `
<ContextProvider
  value={
    Store {
      "allRepositories": Array [],
      "hasError": false,
      "isLoading": true,
      "searchText": "",
      "showingAll": false,
      "typeFitler": "all",
    }
  }
>
  <StoreHOC />
</ContextProvider>
`;
